node.exe : [1m[43m DEPRECATED [49m[22m [33m`test.poolOptions` was removed in Vitest 4. All previous `poolOptions` 
are now top-level options. Please, refer to the migration guide: https://vitest.dev/guide/migration#pool-rework[39m
At line:1 char:1
+ & "C:\Program Files\nodejs/node.exe" "C:\Program Files\nodejs/node_mo ...
+ ~~~~~~~~~~~~~~~~~~~~~~~~~~~~~~~~~~~~~~~~~~~~~~~~~~~~~~~~~~~~~~~~~~~~~
    + CategoryInfo          : NotSpecified: ([1m[43m DEPRE...ool-rework[39m:String) [], RemoteException
    + FullyQualifiedErrorId : NativeCommandError
 

[1m[30m[46m RUN [49m[39m[22m [36mv4.1.9 [39m[90mF:/GITHUB/Match-Mind/backend[39m

[90mstdout[2m | src/e2e/auction-lifecycle.test.ts
[22m[39mΓùç injected env (4) from .env.test // tip: Γùê encrypted .env [www.dotenvx.com]

[90mstderr[2m | src/e2e/auction-lifecycle.test.ts
[22m[39mValidationError: Custom keyGenerator appears to use request IP without calling the ipKeyGenerator helper 
function for IPv6 addresses. This could allow IPv6 users to bypass limits. See 
https://express-rate-limit.github.io/ERR_ERL_KEY_GEN_IPV6/ for more information.
    at Object.keyGeneratorIpFallback [90m(file:///F:/GITHUB/Match-Mind/backend/[39mnode_modules/[4mexpress-rate-limi
t[24m/dist/index.mjs:624:13[90m)[39m
    at Object.wrappedValidations.<computed> [as keyGeneratorIpFallback] [90m(file:///F:/GITHUB/Match-Mind/backend/[39
mnode_modules/[4mexpress-rate-limit[24m/dist/index.mjs:675:22[90m)[39m
    at parseOptions [90m(file:///F:/GITHUB/Match-Mind/backend/[39mnode_modules/[4mexpress-rate-limit[24m/dist/index
.mjs:749:16[90m)[39m
    at rateLimit [90m(file:///F:/GITHUB/Match-Mind/backend/[39mnode_modules/[4mexpress-rate-limit[24m/dist/index.mj
s:831:18[90m)[39m
    at createLimiter (F:/GITHUB/Match-Mind/backend/src/middleware/rateLimiter.ts:193:10)
    at F:/GITHUB/Match-Mind/backend/src/middleware/rateLimiter.ts:221:37
[90m    at processTicksAndRejections (node:internal/process/task_queues:104:5)[39m
    at VitestModuleEvaluator._runInlinedModule 
[90m(file:///F:/GITHUB/Match-Mind/backend/[39mnode_modules/[4mvitest[24m/dist/module-evaluator.js:206:4[90m)[39m
    at VitestModuleRunner.directRequest [90m(file:///F:/GITHUB/Match-Mind/backend/[39mnode_modules/[4mvite[24m/dist
/node/module-runner.js:1259:59[90m)[39m
    at VitestModuleRunner.cachedRequest [90m(file:///F:/GITHUB/Match-Mind/backend/[39mnode_modules/[4mvite[24m/dist
/node/module-runner.js:1166:73[90m)[39m {
  code: [32m'ERR_ERL_KEY_GEN_IPV6'[39m,
  help: [32m'https://express-rate-limit.github.io/ERR_ERL_KEY_GEN_IPV6/'[39m
}
ValidationError: Custom keyGenerator appears to use request IP without calling the ipKeyGenerator helper function for 
IPv6 addresses. This could allow IPv6 users to bypass limits. See 
https://express-rate-limit.github.io/ERR_ERL_KEY_GEN_IPV6/ for more information.
    at Object.keyGeneratorIpFallback [90m(file:///F:/GITHUB/Match-Mind/backend/[39mnode_modules/[4mexpress-rate-limi
t[24m/dist/index.mjs:624:13[90m)[39m
    at Object.wrappedValidations.<computed> [as keyGeneratorIpFallback] [90m(file:///F:/GITHUB/Match-Mind/backend/[39
mnode_modules/[4mexpress-rate-limit[24m/dist/index.mjs:675:22[90m)[39m
    at parseOptions [90m(file:///F:/GITHUB/Match-Mind/backend/[39mnode_modules/[4mexpress-rate-limit[24m/dist/index
.mjs:749:16[90m)[39m
    at rateLimit [90m(file:///F:/GITHUB/Match-Mind/backend/[39mnode_modules/[4mexpress-rate-limit[24m/dist/index.mj
s:831:18[90m)[39m
    at createLimiter (F:/GITHUB/Match-Mind/backend/src/middleware/rateLimiter.ts:193:10)
    at F:/GITHUB/Match-Mind/backend/src/middleware/rateLimiter.ts:230:34
[90m    at processTicksAndRejections (node:internal/process/task_queues:104:5)[39m
    at VitestModuleEvaluator._runInlinedModule 
[90m(file:///F:/GITHUB/Match-Mind/backend/[39mnode_modules/[4mvitest[24m/dist/module-evaluator.js:206:4[90m)[39m
    at VitestModuleRunner.directRequest [90m(file:///F:/GITHUB/Match-Mind/backend/[39mnode_modules/[4mvite[24m/dist
/node/module-runner.js:1259:59[90m)[39m
    at VitestModuleRunner.cachedRequest [90m(file:///F:/GITHUB/Match-Mind/backend/[39mnode_modules/[4mvite[24m/dist
/node/module-runner.js:1166:73[90m)[39m {
  code: [32m'ERR_ERL_KEY_GEN_IPV6'[39m,
  help: [32m'https://express-rate-limit.github.io/ERR_ERL_KEY_GEN_IPV6/'[39m
}
ValidationError: Custom keyGenerator appears to use request IP without calling the ipKeyGenerator helper function for 
IPv6 addresses. This could allow IPv6 users to bypass limits. See 
https://express-rate-limit.github.io/ERR_ERL_KEY_GEN_IPV6/ for more information.
    at Object.keyGeneratorIpFallback [90m(file:///F:/GITHUB/Match-Mind/backend/[39mnode_modules/[4mexpress-rate-limi
t[24m/dist/index.mjs:624:13[90m)[39m
    at Object.wrappedValidations.<computed> [as keyGeneratorIpFallback] [90m(file:///F:/GITHUB/Match-Mind/backend/[39
mnode_modules/[4mexpress-rate-limit[24m/dist/index.mjs:675:22[90m)[39m
    at parseOptions [90m(file:///F:/GITHUB/Match-Mind/backend/[39mnode_modules/[4mexpress-rate-limit[24m/dist/index
.mjs:749:16[90m)[39m
    at rateLimit [90m(file:///F:/GITHUB/Match-Mind/backend/[39mnode_modules/[4mexpress-rate-limit[24m/dist/index.mj
s:831:18[90m)[39m
    at createLimiter (F:/GITHUB/Match-Mind/backend/src/middleware/rateLimiter.ts:193:10)
    at F:/GITHUB/Match-Mind/backend/src/middleware/rateLimiter.ts:247:36
[90m    at processTicksAndRejections (node:internal/process/task_queues:104:5)[39m
    at VitestModuleEvaluator._runInlinedModule 
[90m(file:///F:/GITHUB/Match-Mind/backend/[39mnode_modules/[4mvitest[24m/dist/module-evaluator.js:206:4[90m)[39m
    at VitestModuleRunner.directRequest [90m(file:///F:/GITHUB/Match-Mind/backend/[39mnode_modules/[4mvite[24m/dist
/node/module-runner.js:1259:59[90m)[39m
    at VitestModuleRunner.cachedRequest [90m(file:///F:/GITHUB/Match-Mind/backend/[39mnode_modules/[4mvite[24m/dist
/node/module-runner.js:1166:73[90m)[39m {
  code: [32m'ERR_ERL_KEY_GEN_IPV6'[39m,
  help: [32m'https://express-rate-limit.github.io/ERR_ERL_KEY_GEN_IPV6/'[39m
}
ValidationError: Custom keyGenerator appears to use request IP without calling the ipKeyGenerator helper function for 
IPv6 addresses. This could allow IPv6 users to bypass limits. See 
https://express-rate-limit.github.io/ERR_ERL_KEY_GEN_IPV6/ for more information.
    at Object.keyGeneratorIpFallback [90m(file:///F:/GITHUB/Match-Mind/backend/[39mnode_modules/[4mexpress-rate-limi
t[24m/dist/index.mjs:624:13[90m)[39m
    at Object.wrappedValidations.<computed> [as keyGeneratorIpFallback] [90m(file:///F:/GITHUB/Match-Mind/backend/[39
mnode_modules/[4mexpress-rate-limit[24m/dist/index.mjs:675:22[90m)[39m
    at parseOptions [90m(file:///F:/GITHUB/Match-Mind/backend/[39mnode_modules/[4mexpress-rate-limit[24m/dist/index
.mjs:749:16[90m)[39m
    at rateLimit [90m(file:///F:/GITHUB/Match-Mind/backend/[39mnode_modules/[4mexpress-rate-limit[24m/dist/index.mj
s:831:18[90m)[39m
    at createLimiter (F:/GITHUB/Match-Mind/backend/src/middleware/rateLimiter.ts:193:10)
    at F:/GITHUB/Match-Mind/backend/src/middleware/rateLimiter.ts:258:37
[90m    at processTicksAndRejections (node:internal/process/task_queues:104:5)[39m
    at VitestModuleEvaluator._runInlinedModule 
[90m(file:///F:/GITHUB/Match-Mind/backend/[39mnode_modules/[4mvitest[24m/dist/module-evaluator.js:206:4[90m)[39m
    at VitestModuleRunner.directRequest [90m(file:///F:/GITHUB/Match-Mind/backend/[39mnode_modules/[4mvite[24m/dist
/node/module-runner.js:1259:59[90m)[39m
    at VitestModuleRunner.cachedRequest [90m(file:///F:/GITHUB/Match-Mind/backend/[39mnode_modules/[4mvite[24m/dist
/node/module-runner.js:1166:73[90m)[39m {
  code: [32m'ERR_ERL_KEY_GEN_IPV6'[39m,
  help: [32m'https://express-rate-limit.github.io/ERR_ERL_KEY_GEN_IPV6/'[39m
}
ValidationError: Custom keyGenerator appears to use request IP without calling the ipKeyGenerator helper function for 
IPv6 addresses. This could allow IPv6 users to bypass limits. See 
https://express-rate-limit.github.io/ERR_ERL_KEY_GEN_IPV6/ for more information.
    at Object.keyGeneratorIpFallback [90m(file:///F:/GITHUB/Match-Mind/backend/[39mnode_modules/[4mexpress-rate-limi
t[24m/dist/index.mjs:624:13[90m)[39m
    at Object.wrappedValidations.<computed> [as keyGeneratorIpFallback] [90m(file:///F:/GITHUB/Match-Mind/backend/[39
mnode_modules/[4mexpress-rate-limit[24m/dist/index.mjs:675:22[90m)[39m
    at parseOptions [90m(file:///F:/GITHUB/Match-Mind/backend/[39mnode_modules/[4mexpress-rate-limit[24m/dist/index
.mjs:749:16[90m)[39m
    at rateLimit [90m(file:///F:/GITHUB/Match-Mind/backend/[39mnode_modules/[4mexpress-rate-limit[24m/dist/index.mj
s:831:18[90m)[39m
    at createLimiter (F:/GITHUB/Match-Mind/backend/src/middleware/rateLimiter.ts:193:10)
    at F:/GITHUB/Match-Mind/backend/src/middleware/rateLimiter.ts:267:34
[90m    at processTicksAndRejections (node:internal/process/task_queues:104:5)[39m
    at VitestModuleEvaluator._runInlinedModule 
[90m(file:///F:/GITHUB/Match-Mind/backend/[39mnode_modules/[4mvitest[24m/dist/module-evaluator.js:206:4[90m)[39m
    at VitestModuleRunner.directRequest [90m(file:///F:/GITHUB/Match-Mind/backend/[39mnode_modules/[4mvite[24m/dist
/node/module-runner.js:1259:59[90m)[39m
    at VitestModuleRunner.cachedRequest [90m(file:///F:/GITHUB/Match-Mind/backend/[39mnode_modules/[4mvite[24m/dist
/node/module-runner.js:1166:73[90m)[39m {
  code: [32m'ERR_ERL_KEY_GEN_IPV6'[39m,
  help: [32m'https://express-rate-limit.github.io/ERR_ERL_KEY_GEN_IPV6/'[39m
}
ValidationError: Custom keyGenerator appears to use request IP without calling the ipKeyGenerator helper function for 
IPv6 addresses. This could allow IPv6 users to bypass limits. See 
https://express-rate-limit.github.io/ERR_ERL_KEY_GEN_IPV6/ for more information.
    at Object.keyGeneratorIpFallback [90m(file:///F:/GITHUB/Match-Mind/backend/[39mnode_modules/[4mexpress-rate-limi
t[24m/dist/index.mjs:624:13[90m)[39m
    at Object.wrappedValidations.<computed> [as keyGeneratorIpFallback] [90m(file:///F:/GITHUB/Match-Mind/backend/[39
mnode_modules/[4mexpress-rate-limit[24m/dist/index.mjs:675:22[90m)[39m
    at parseOptions [90m(file:///F:/GITHUB/Match-Mind/backend/[39mnode_modules/[4mexpress-rate-limit[24m/dist/index
.mjs:749:16[90m)[39m
    at rateLimit [90m(file:///F:/GITHUB/Match-Mind/backend/[39mnode_modules/[4mexpress-rate-limit[24m/dist/index.mj
s:831:18[90m)[39m
    at createLimiter (F:/GITHUB/Match-Mind/backend/src/middleware/rateLimiter.ts:193:10)
    at F:/GITHUB/Match-Mind/backend/src/middleware/rateLimiter.ts:276:32
[90m    at processTicksAndRejections (node:internal/process/task_queues:104:5)[39m
    at VitestModuleEvaluator._runInlinedModule 
[90m(file:///F:/GITHUB/Match-Mind/backend/[39mnode_modules/[4mvitest[24m/dist/module-evaluator.js:206:4[90m)[39m
    at VitestModuleRunner.directRequest [90m(file:///F:/GITHUB/Match-Mind/backend/[39mnode_modules/[4mvite[24m/dist
/node/module-runner.js:1259:59[90m)[39m
    at VitestModuleRunner.cachedRequest [90m(file:///F:/GITHUB/Match-Mind/backend/[39mnode_modules/[4mvite[24m/dist
/node/module-runner.js:1166:73[90m)[39m {
  code: [32m'ERR_ERL_KEY_GEN_IPV6'[39m,
  help: [32m'https://express-rate-limit.github.io/ERR_ERL_KEY_GEN_IPV6/'[39m
}
ValidationError: Custom keyGenerator appears to use request IP without calling the ipKeyGenerator helper function for 
IPv6 addresses. This could allow IPv6 users to bypass limits. See 
https://express-rate-limit.github.io/ERR_ERL_KEY_GEN_IPV6/ for more information.
    at Object.keyGeneratorIpFallback [90m(file:///F:/GITHUB/Match-Mind/backend/[39mnode_modules/[4mexpress-rate-limi
t[24m/dist/index.mjs:624:13[90m)[39m
    at Object.wrappedValidations.<computed> [as keyGeneratorIpFallback] [90m(file:///F:/GITHUB/Match-Mind/backend/[39
mnode_modules/[4mexpress-rate-limit[24m/dist/index.mjs:675:22[90m)[39m
    at parseOptions [90m(file:///F:/GITHUB/Match-Mind/backend/[39mnode_modules/[4mexpress-rate-limit[24m/dist/index
.mjs:749:16[90m)[39m
    at rateLimit [90m(file:///F:/GITHUB/Match-Mind/backend/[39mnode_modules/[4mexpress-rate-limit[24m/dist/index.mj
s:831:18[90m)[39m
    at createLimiter (F:/GITHUB/Match-Mind/backend/src/middleware/rateLimiter.ts:193:10)
    at F:/GITHUB/Match-Mind/backend/src/middleware/rateLimiter.ts:293:29
[90m    at processTicksAndRejections (node:internal/process/task_queues:104:5)[39m
    at VitestModuleEvaluator._runInlinedModule 
[90m(file:///F:/GITHUB/Match-Mind/backend/[39mnode_modules/[4mvitest[24m/dist/module-evaluator.js:206:4[90m)[39m
    at VitestModuleRunner.directRequest [90m(file:///F:/GITHUB/Match-Mind/backend/[39mnode_modules/[4mvite[24m/dist
/node/module-runner.js:1259:59[90m)[39m
    at VitestModuleRunner.cachedRequest [90m(file:///F:/GITHUB/Match-Mind/backend/[39mnode_modules/[4mvite[24m/dist
/node/module-runner.js:1166:73[90m)[39m {
  code: [32m'ERR_ERL_KEY_GEN_IPV6'[39m,
  help: [32m'https://express-rate-limit.github.io/ERR_ERL_KEY_GEN_IPV6/'[39m
}

{"level":30,"time":1783847794287,"event":"redis.connecting","msg":"Redis client connecting..."}
{"level":30,"time":1783847794300,"event":"redis.ready","storeBacking":"redis","msg":"Redis client ready. Rate limiting using Redis store."}
{"level":30,"time":1783847794415,"event":"redis.connected","msg":"Connected to Redis"}
[90mstdout[2m | src/e2e/auction-lifecycle.test.ts
[22m[39me2e-setup PRISMA URL: postgresql://matchmind:matchmind_test_password@localhost:5433/matchmind_test

{"level":50,"time":1783847794680,"event":"redis.rate_limit_fallback_active","key":"::1","err":"ERR unknown command 'S', with args beginning with: 'C' 'R' 'I' 'P' 'T' ","msg":"Redis rate limit store increment failed ΓÇö falling back to local memory store"}
{"level":50,"time":1783847794693,"event":"error.unhandled","err":{"type":"Object","message":"\nInvalid `prisma.room.create()` invocation in\nF:/GITHUB/Match-Mind/backend/src/routes/rooms.ts:78:34\n\n  75   existing = await prisma.room.findUnique({ where: { inviteCode } })\n  76 }\n  77 \nΓåÆ 78 const room = await prisma.room.create({\n       data: {\n         tournamentId: \"fifa-wc-2026\",\n         hostId: \"test-user-1\",\n         name: \"E2E Test Draft\",\n         inviteCode: \"FUMC972Z\",\n         totalBudget: 500,\n         rosterRules: {\n         ~~~~~~~~~~~\n           GK: 2,\n           DEF: 5,\n           MID: 5,\n           FWD: 3,\n           total: 15\n         },\n         status: \"LOBBY\",\n         bidIncrementRule: {\n           base: 5\n         },\n         antiSnipeSeconds: 5,\n         id: \"019f559d-3800-7e46-9811-79878f3e6791\",\n     ?   createdAt?: DateTime,\n     ?   updatedAt?: DateTime,\n     ?   deletedAt?: DateTime | Null,\n     ?   members?: RoomMemberUncheckedCreateNestedManyWithoutRoomInput,\n     ?   auctionState?: AuctionStateUncheckedCreateNestedOneWithoutRoomInput,\n     ?   bids?: BidUncheckedCreateNestedManyWithoutRoomInput,\n     ?   rosters?: RosterUncheckedCreateNestedManyWithoutRoomInput,\n     ?   chatMessages?: ChatMessageUncheckedCreateNestedManyWithoutRoomInput,\n     ?   fantasyPoints?: FantasyPointsLedgerUncheckedCreateNestedManyWithoutRoomInput\n       }\n     })\n\nUnknown argument `rosterRules`. Available options are marked with ?.","stack":""},"method":"POST","url":"/api/rooms","userId":"test-user-1","msg":"\nInvalid `prisma.room.create()` invocation in\nF:/GITHUB/Match-Mind/backend/src/routes/rooms.ts:78:34\n\n  75   existing = await prisma.room.findUnique({ where: { inviteCode } })\n  76 }\n  77 \nΓåÆ 78 const room = await prisma.room.create({\n       data: {\n         tournamentId: \"fifa-wc-2026\",\n         hostId: \"test-user-1\",\n         name: \"E2E Test Draft\",\n         inviteCode: \"FUMC972Z\",\n         totalBudget: 500,\n         rosterRules: {\n         ~~~~~~~~~~~\n           GK: 2,\n           DEF: 5,\n           MID: 5,\n           FWD: 3,\n           total: 15\n         },\n         status: \"LOBBY\",\n         bidIncrementRule: {\n           base: 5\n         },\n         antiSnipeSeconds: 5,\n         id: \"019f559d-3800-7e46-9811-79878f3e6791\",\n     ?   createdAt?: DateTime,\n     ?   updatedAt?: DateTime,\n     ?   deletedAt?: DateTime | Null,\n     ?   members?: RoomMemberUncheckedCreateNestedManyWithoutRoomInput,\n     ?   auctionState?: AuctionStateUncheckedCreateNestedOneWithoutRoomInput,\n     ?   bids?: BidUncheckedCreateNestedManyWithoutRoomInput,\n     ?   rosters?: RosterUncheckedCreateNestedManyWithoutRoomInput,\n     ?   chatMessages?: ChatMessageUncheckedCreateNestedManyWithoutRoomInput,\n     ?   fantasyPoints?: FantasyPointsLedgerUncheckedCreateNestedManyWithoutRoomInput\n       }\n     })\n\nUnknown argument `rosterRules`. Available options are marked with ?."}
[90mstdout[2m | src/e2e/auction-lifecycle.test.ts[2m > [22m[2mRoom CRUD[2m > [22m[2mPOST /api/rooms creates a room with invite code
[22m[39mPOST /api/rooms FAILED: [33m500[39m {
  error: { code: [32m'INTERNAL_ERROR'[39m, message: [32m'An unexpected error occurred'[39m }
}

{"level":50,"time":1783847794731,"event":"redis.rate_limit_fallback_active","key":"::1","err":"ERR unknown command 'S', with args beginning with: 'C' 'R' 'I' 'P' 'T' ","msg":"Redis rate limit store increment failed ΓÇö falling back to local memory store"}
{"level":50,"time":1783847794738,"event":"redis.rate_limit_fallback_active","key":"::1","err":"ERR unknown command 'S', with args beginning with: 'C' 'R' 'I' 'P' 'T' ","msg":"Redis rate limit store increment failed ΓÇö falling back to local memory store"}
 [31mΓ¥»[39m src/e2e/auction-lifecycle.test.ts [2m([22m[2m16 tests[22m[2m | [22m[31m12 failed[39m[2m)[22m[33m 1159[2mms[22m[39m
     [32mΓ£ô[39m GET /api/health returns ok[32m 18[2mms[22m[39m
[31m     [31m├ù[31m POST /api/rooms creates a room with invite code[39m[32m 33[2mms[22m[39m
[31m     [31m├ù[31m GET /api/rooms/:id returns the room object[39m[32m 4[2mms[22m[39m
[31m     [31m├ù[31m GET /api/rooms/:id/state returns the auction state[39m[32m 2[2mms[22m[39m
[31m     [31m├ù[31m adds the test user as a room member[39m[32m 6[2mms[22m[39m
[31m     [31m├ù[31m POST /api/rooms/:roomId/start begins auction in PLAYER_LIVE phase[39m[32m 2[2mms[22m[39m
[31m     [31m├ù[31m POST /api/rooms/:roomId/force-sold sells the current player[39m[32m 2[2mms[22m[39m
[31m     [31m├ù[31m POST /api/rooms/:roomId/next-player advances to the next player[39m[32m 2[2mms[22m[39m
[31m     [31m├ù[31m GET /api/rooms/:roomId/franchises/:userId shows the sold player in roster[39m[32m 2[2mms[22m[39m
[31m     [31m├ù[31m POST /api/rooms/:roomId/force-unsold marks the current player as unsold[39m[32m 3[2mms[22m[39m
[31m     [31m├ù[31m advances past the unsold player to the next in queue[39m[32m 2[2mms[22m[39m
[31m     [31m├ù[31m sets captain and vice-captain on roster[39m[32m 2[2mms[22m[39m
     [32mΓ£ô[39m returns 404 for non-existent room[32m 5[2mms[22m[39m
     [32mΓ£ô[39m returns validation error for invalid room creation[32m 4[2mms[22m[39m
     [32mΓ£ô[39m returns 404 for non-existent player[32m 4[2mms[22m[39m
[31m     [31m├ù[31m rejects non-host from starting auction[39m[32m 5[2mms[22m[39m

[31mΓÄ»ΓÄ»ΓÄ»ΓÄ»ΓÄ»ΓÄ»[39m[1m[41m Failed Tests 12 [49m[22m[31mΓÄ»ΓÄ»ΓÄ»ΓÄ»ΓÄ»ΓÄ»ΓÄ»[39m

[41m[1m FAIL [22m[49m src/e2e/auction-lifecycle.test.ts[2m > [22mRoom CRUD[2m > [22mPOST /api/rooms creates a 
room with invite code
[31m[1mAssertionError[22m: expected 500 to be 201 // Object.is equality[39m

[32m- Expected[39m
[31m+ Received[39m

[32m- 201[39m
[31m+ 500[39m

[36m [2mΓ¥»[22m src/e2e/auction-lifecycle.test.ts:[2m127:20[22m[39m
    [90m125|[39m
    [90m126|[39m     [35mconst[39m { status[33m,[39m body } [33m=[39m res
    [90m127|[39m     [34mexpect[39m(status)[33m.[39m[34mtoBe[39m([34m201[39m)
    [90m   |[39m                    [31m^[39m
    [90m128|[39m     [34mexpect[39m(body[33m.[39mid)[33m.[39m[34mtoBeDefined[39m()
    [90m129|[39m     [34mexpect[39m(body[33m.[39mname)[33m.[39m[34mtoBe[39m([32m'E2E Test Draft'[39m)

[31m[2mΓÄ»ΓÄ»ΓÄ»ΓÄ»ΓÄ»ΓÄ»ΓÄ»ΓÄ»ΓÄ»ΓÄ»ΓÄ»ΓÄ»ΓÄ»ΓÄ»ΓÄ»ΓÄ»ΓÄ»ΓÄ»ΓÄ»ΓÄ»ΓÄ»ΓÄ»ΓÄ»[1/12]ΓÄ»[22m[39m

[41m[1m FAIL [22m[49m src/e2e/auction-lifecycle.test.ts[2m > [22mRoom CRUD[2m > [22mGET /api/rooms/:id returns 
the room object
[31m[1mAssertionError[22m: expected 404 to be 200 // Object.is equality[39m

[32m- Expected[39m
[31m+ Received[39m

[32m- 200[39m
[31m+ 404[39m

[36m [2mΓ¥»[22m src/e2e/auction-lifecycle.test.ts:[2m140:20[22m[39m
    [90m138|[39m   [34mit[39m([32m'GET /api/rooms/:id returns the room object'[39m[33m,[39m [35masync[39m () 
[33m=>[39m {
    [90m139|[39m     const { status, body } = await api('GET', `/api/rooms/${shared.rooΓÇª
    [90m140|[39m     [34mexpect[39m(status)[33m.[39m[34mtoBe[39m([34m200[39m)
    [90m   |[39m                    [31m^[39m
    [90m141|[39m     [34mexpect[39m(body[33m.[39mid)[33m.[39m[34mtoBe[39m(shared[33m.[39mroomId)
    [90m142|[39m     [34mexpect[39m(body[33m.[39mname)[33m.[39m[34mtoBe[39m([32m'E2E Test Draft'[39m)

[31m[2mΓÄ»ΓÄ»ΓÄ»ΓÄ»ΓÄ»ΓÄ»ΓÄ»ΓÄ»ΓÄ»ΓÄ»ΓÄ»ΓÄ»ΓÄ»ΓÄ»ΓÄ»ΓÄ»ΓÄ»ΓÄ»ΓÄ»ΓÄ»ΓÄ»ΓÄ»ΓÄ»[2/12]ΓÄ»[22m[39m

[41m[1m FAIL [22m[49m src/e2e/auction-lifecycle.test.ts[2m > [22mRoom CRUD[2m > [22mGET /api/rooms/:id/state 
returns the auction state
[31m[1mAssertionError[22m: expected 404 to be 200 // Object.is equality[39m

[32m- Expected[39m
[31m+ Received[39m

[32m- 200[39m
[31m+ 404[39m

[36m [2mΓ¥»[22m src/e2e/auction-lifecycle.test.ts:[2m148:20[22m[39m
    [90m146|[39m   it('GET /api/rooms/:id/state returns the auction state', async () =>ΓÇª
    [90m147|[39m     const { status, body } = await api('GET', `/api/rooms/${shared.rooΓÇª
    [90m148|[39m     [34mexpect[39m(status)[33m.[39m[34mtoBe[39m([34m200[39m)
    [90m   |[39m                    [31m^[39m
    [90m149|[39m     [34mexpect[39m(body[33m.[39mphase)[33m.[39m[34mtoBe[39m([32m'IDLE'[39m)
    [90m150|[39m     [34mexpect[39m(body[33m.[39mcurrentBid)[33m.[39m[34mtoBe[39m([34m0[39m)

[31m[2mΓÄ»ΓÄ»ΓÄ»ΓÄ»ΓÄ»ΓÄ»ΓÄ»ΓÄ»ΓÄ»ΓÄ»ΓÄ»ΓÄ»ΓÄ»ΓÄ»ΓÄ»ΓÄ»ΓÄ»ΓÄ»ΓÄ»ΓÄ»ΓÄ»ΓÄ»ΓÄ»[3/12]ΓÄ»[22m[39m

[41m[1m FAIL [22m[49m src/e2e/auction-lifecycle.test.ts[2m > [22mAuction Host Controls[2m > [22madds the test 
user as a room member
[31m[1mPrismaClientKnownRequestError[22m: 
Invalid `prisma.roomMember.create()` invocation in
F:/GITHUB/Match-Mind/backend/src/e2e/auction-lifecycle.test.ts:159:29

  156 let currentPlayerId: string
  157 
  158 it('adds the test user as a room member', async () => {
ΓåÆ 159   await prisma.roomMember.create(
Foreign key constraint violated: `RoomMember_roomId_fkey (index)`[39m
[90m [2mΓ¥»[22m $n.handleRequestError node_modules/@prisma/client/runtime/library.js:[2m121:7315[22m[39m
[90m [2mΓ¥»[22m $n.handleAndLogRequestError node_modules/@prisma/client/runtime/library.js:[2m121:6623[22m[39m
[90m [2mΓ¥»[22m $n.request node_modules/@prisma/client/runtime/library.js:[2m121:6307[22m[39m
[90m [2mΓ¥»[22m l node_modules/@prisma/client/runtime/library.js:[2m130:9633[22m[39m
[36m [2mΓ¥»[22m src/e2e/auction-lifecycle.test.ts:[2m159:5[22m[39m
    [90m157|[39m
    [90m158|[39m   [34mit[39m([32m'adds the test user as a room member'[39m[33m,[39m [35masync[39m () 
[33m=>[39m {
    [90m159|[39m     [35mawait[39m prisma[33m.[39mroomMember[33m.[39m[34mcreate[39m({
    [90m   |[39m     [31m^[39m
    [90m160|[39m       data[33m:[39m {
    [90m161|[39m         roomId[33m:[39m shared[33m.[39mroomId[33m,[39m

[31m[2mΓÄ»ΓÄ»ΓÄ»ΓÄ»ΓÄ»ΓÄ»ΓÄ»ΓÄ»ΓÄ»ΓÄ»ΓÄ»ΓÄ»ΓÄ»ΓÄ»ΓÄ»ΓÄ»ΓÄ»ΓÄ»ΓÄ»ΓÄ»ΓÄ»ΓÄ»ΓÄ»[4/12]ΓÄ»[22m[39m

[41m[1m FAIL [22m[49m src/e2e/auction-lifecycle.test.ts[2m > [22mAuction Host Controls[2m > [22mPOST 
/api/rooms/:roomId/start begins auction in PLAYER_LIVE phase
[31m[1mAssertionError[22m: expected 404 to be 200 // Object.is equality[39m

[32m- Expected[39m
[31m+ Received[39m

[32m- 200[39m
[31m+ 404[39m

[36m [2mΓ¥»[22m src/e2e/auction-lifecycle.test.ts:[2m176:20[22m[39m
    [90m174|[39m   it('POST /api/rooms/:roomId/start begins auction in PLAYER_LIVE phasΓÇª
    [90m175|[39m     const { status, body } = await api('POST', `/api/rooms/${shared.roΓÇª
    [90m176|[39m     [34mexpect[39m(status)[33m.[39m[34mtoBe[39m([34m200[39m)
    [90m   |[39m                    [31m^[39m
    [90m177|[39m
    [90m178|[39m     [90m// Verify state via dedicated endpoint[39m

[31m[2mΓÄ»ΓÄ»ΓÄ»ΓÄ»ΓÄ»ΓÄ»ΓÄ»ΓÄ»ΓÄ»ΓÄ»ΓÄ»ΓÄ»ΓÄ»ΓÄ»ΓÄ»ΓÄ»ΓÄ»ΓÄ»ΓÄ»ΓÄ»ΓÄ»ΓÄ»ΓÄ»[5/12]ΓÄ»[22m[39m

[41m[1m FAIL [22m[49m src/e2e/auction-lifecycle.test.ts[2m > [22mAuction Host Controls[2m > [22mPOST 
/api/rooms/:roomId/force-sold sells the current player
[31m[1mAssertionError[22m: expected undefined to be defined[39m
[36m [2mΓ¥»[22m src/e2e/auction-lifecycle.test.ts:[2m192:46[22m[39m
    [90m190|[39m     [90m// First check the state has a current player[39m
    [90m191|[39m     const stateBefore = await api('GET', `/api/rooms/${shared.roomId}/ΓÇª
    [90m192|[39m     
[34mexpect[39m(stateBefore[33m.[39mbody[33m.[39mcurrentPlayerId)[33m.[39m[34mtoBeDefined[39m()
    [90m   |[39m                                              [31m^[39m
    [90m193|[39m
    [90m194|[39m     [90m// Seed a bidder so force-sold creates a roster entry[39m

[31m[2mΓÄ»ΓÄ»ΓÄ»ΓÄ»ΓÄ»ΓÄ»ΓÄ»ΓÄ»ΓÄ»ΓÄ»ΓÄ»ΓÄ»ΓÄ»ΓÄ»ΓÄ»ΓÄ»ΓÄ»ΓÄ»ΓÄ»ΓÄ»ΓÄ»ΓÄ»ΓÄ»[6/12]ΓÄ»[22m[39m

[41m[1m FAIL [22m[49m src/e2e/auction-lifecycle.test.ts[2m > [22mAuction Host Controls[2m > [22mPOST 
/api/rooms/:roomId/next-player advances to the next player
[31m[1mAssertionError[22m: expected 404 to be 200 // Object.is equality[39m

[32m- Expected[39m
[31m+ Received[39m

[32m- 200[39m
[31m+ 404[39m

[36m [2mΓ¥»[22m src/e2e/auction-lifecycle.test.ts:[2m209:20[22m[39m
    [90m207|[39m   it('POST /api/rooms/:roomId/next-player advances to the next player'ΓÇª
    [90m208|[39m     const { status, body } = await api('POST', `/api/rooms/${shared.roΓÇª
    [90m209|[39m     [34mexpect[39m(status)[33m.[39m[34mtoBe[39m([34m200[39m)
    [90m   |[39m                    [31m^[39m
    [90m210|[39m
    [90m211|[39m     [90m// The state should now have a new currentPlayerId[39m

[31m[2mΓÄ»ΓÄ»ΓÄ»ΓÄ»ΓÄ»ΓÄ»ΓÄ»ΓÄ»ΓÄ»ΓÄ»ΓÄ»ΓÄ»ΓÄ»ΓÄ»ΓÄ»ΓÄ»ΓÄ»ΓÄ»ΓÄ»ΓÄ»ΓÄ»ΓÄ»ΓÄ»[7/12]ΓÄ»[22m[39m

[41m[1m FAIL [22m[49m src/e2e/auction-lifecycle.test.ts[2m > [22mAuction Host Controls[2m > [22mGET 
/api/rooms/:roomId/franchises/:userId shows the sold player in roster
[31m[1mAssertionError[22m: expected 404 to be 200 // Object.is equality[39m

[32m- Expected[39m
[31m+ Received[39m

[32m- 200[39m
[31m+ 404[39m

[36m [2mΓ¥»[22m src/e2e/auction-lifecycle.test.ts:[2m222:20[22m[39m
    [90m220|[39m   it('GET /api/rooms/:roomId/franchises/:userId shows the sold player ΓÇª
    [90m221|[39m     const { status, body } = await api('GET', `/api/rooms/${shared.rooΓÇª
    [90m222|[39m     [34mexpect[39m(status)[33m.[39m[34mtoBe[39m([34m200[39m)
    [90m   |[39m                    [31m^[39m
    [90m223|[39m     [34mexpect[39m(body[33m.[39mroster)[33m.[39m[34mtoBeDefined[39m()
    [90m224|[39m     
[34mexpect[39m(body[33m.[39mroster[33m.[39mlength)[33m.[39m[34mtoBeGreaterThanOrEqual[39m([34m1[39m)

[31m[2mΓÄ»ΓÄ»ΓÄ»ΓÄ»ΓÄ»ΓÄ»ΓÄ»ΓÄ»ΓÄ»ΓÄ»ΓÄ»ΓÄ»ΓÄ»ΓÄ»ΓÄ»ΓÄ»ΓÄ»ΓÄ»ΓÄ»ΓÄ»ΓÄ»ΓÄ»ΓÄ»[8/12]ΓÄ»[22m[39m

[41m[1m FAIL [22m[49m src/e2e/auction-lifecycle.test.ts[2m > [22mAuction Host Controls[2m > [22mPOST 
/api/rooms/:roomId/force-unsold marks the current player as unsold
[31m[1mAssertionError[22m: expected undefined to be 'PLAYER_LIVE' // Object.is equality[39m

[32m- Expected:[39m
"PLAYER_LIVE"

[31m+ Received:[39m
undefined

[36m [2mΓ¥»[22m src/e2e/auction-lifecycle.test.ts:[2m230:36[22m[39m
    [90m228|[39m   it('POST /api/rooms/:roomId/force-unsold marks the current player asΓÇª
    [90m229|[39m     const stateBefore = await api('GET', `/api/rooms/${shared.roomId}/ΓÇª
    [90m230|[39m     
[34mexpect[39m(stateBefore[33m.[39mbody[33m.[39mphase)[33m.[39m[34mtoBe[39m([32m'PLAYER_LIVE'[39m)
    [90m   |[39m                                    [31m^[39m
    [90m231|[39m
    [90m232|[39m     const { status } = await api('POST', `/api/rooms/${shared.roomId}/ΓÇª

[31m[2mΓÄ»ΓÄ»ΓÄ»ΓÄ»ΓÄ»ΓÄ»ΓÄ»ΓÄ»ΓÄ»ΓÄ»ΓÄ»ΓÄ»ΓÄ»ΓÄ»ΓÄ»ΓÄ»ΓÄ»ΓÄ»ΓÄ»ΓÄ»ΓÄ»ΓÄ»ΓÄ»[9/12]ΓÄ»[22m[39m

[41m[1m FAIL [22m[49m src/e2e/auction-lifecycle.test.ts[2m > [22mAuction Host Controls[2m > [22madvances past 
the unsold player to the next in queue
[31m[1mAssertionError[22m: expected 404 to be 200 // Object.is equality[39m

[32m- Expected[39m

[2m Test Files [22m [1m[31m1 failed[39m[22m[90m (1)[39m
[2m      Tests [22m [1m[31m12 failed[39m[22m[2m | [22m[1m[32m4 passed[39m[22m[90m (16)[39m
[2m   Start at [22m 14:46:33
[2m   Duration [22m 1.72s[2m (transform 251ms, setup 32ms, import 331ms, tests 1.16s, environment 0ms)[22m

[31m+ Received[39m

[32m- 200[39m
[31m+ 404[39m

[36m [2mΓ¥»[22m src/e2e/auction-lifecycle.test.ts:[2m241:20[22m[39m
    [90m239|[39m   it('advances past the unsold player to the next in queue', async () ΓÇª
    [90m240|[39m     const { status } = await api('POST', `/api/rooms/${shared.roomId}/ΓÇª
    [90m241|[39m     [34mexpect[39m(status)[33m.[39m[34mtoBe[39m([34m200[39m)
    [90m   |[39m                    [31m^[39m
    [90m242|[39m
    [90m243|[39m     const stateRes = await api('GET', `/api/rooms/${shared.roomId}/staΓÇª

[31m[2mΓÄ»ΓÄ»ΓÄ»ΓÄ»ΓÄ»ΓÄ»ΓÄ»ΓÄ»ΓÄ»ΓÄ»ΓÄ»ΓÄ»ΓÄ»ΓÄ»ΓÄ»ΓÄ»ΓÄ»ΓÄ»ΓÄ»ΓÄ»ΓÄ»ΓÄ»[10/12]ΓÄ»[22m[39m

[41m[1m FAIL [22m[49m src/e2e/auction-lifecycle.test.ts[2m > [22mFranchise Captain/VC[2m > [22msets captain 
and vice-captain on roster
[31m[1mTypeError[22m: Cannot read properties of undefined (reading 'length')[39m
[36m [2mΓ¥»[22m src/e2e/auction-lifecycle.test.ts:[2m253:34[22m[39m
    [90m251|[39m     [90m// Get current roster[39m
    [90m252|[39m     const rosterRes = await api('GET', `/api/rooms/${shared.roomId}/frΓÇª
    [90m253|[39m     [34mexpect[39m(rosterRes[33m.[39mbody[33m.[39mroster[33m.[39mlength)[33m.[39m[34mtoBe
GreaterThanOrEqual[39m([34m1[39m)
    [90m   |[39m                                  [31m^[39m
    [90m254|[39m
    [90m255|[39m     [35mconst[39m playerId [33m=[39m 
rosterRes[33m.[39mbody[33m.[39mroster[[34m0[39m][33m.[39mplayerId

[31m[2mΓÄ»ΓÄ»ΓÄ»ΓÄ»ΓÄ»ΓÄ»ΓÄ»ΓÄ»ΓÄ»ΓÄ»ΓÄ»ΓÄ»ΓÄ»ΓÄ»ΓÄ»ΓÄ»ΓÄ»ΓÄ»ΓÄ»ΓÄ»ΓÄ»ΓÄ»[11/12]ΓÄ»[22m[39m

[41m[1m FAIL [22m[49m src/e2e/auction-lifecycle.test.ts[2m > [22mAPI Error Handling[2m > [22mrejects non-host 
from starting auction
[31m[1mAssertionError[22m: expected 404 to be 403 // Object.is equality[39m

[32m- Expected[39m
[31m+ Received[39m

[32m- 403[39m
[31m+ 404[39m

[36m [2mΓ¥»[22m src/e2e/auction-lifecycle.test.ts:[2m314:20[22m[39m
    [90m312|[39m
    [90m313|[39m     const { status, body } = await api('POST', `/api/rooms/${otherRoomΓÇª
    [90m314|[39m     [34mexpect[39m(status)[33m.[39m[34mtoBe[39m([34m403[39m)
    [90m   |[39m                    [31m^[39m
    [90m315|[39m     
[34mexpect[39m(body[33m.[39merror[33m?.[39mcode)[33m.[39m[34mtoBe[39m([32m'NOT_HOST'[39m)
    [90m316|[39m   })

[31m[2mΓÄ»ΓÄ»ΓÄ»ΓÄ»ΓÄ»ΓÄ»ΓÄ»ΓÄ»ΓÄ»ΓÄ»ΓÄ»ΓÄ»ΓÄ»ΓÄ»ΓÄ»ΓÄ»ΓÄ»ΓÄ»ΓÄ»ΓÄ»ΓÄ»ΓÄ»[12/12]ΓÄ»[22m[39m

